[thevectorlab.net/codelab/index.html]
[backblue.gif]
[fade.gif]
[index.html]
[thevectorlab.net/codelab/assets/vendor/bootstrap/css/bootstrap.min.css]
[thevectorlab.net/codelab/assets/vendor/font-awesome/css/font-awesome.min.css]
[thevectorlab.net/codelab/assets/vendor/dashlab-icon/dashlab-icon.css]
[thevectorlab.net/codelab/assets/vendor/simple-line-icons/css/simple-line-icons.css]
[thevectorlab.net/codelab/assets/vendor/themify-icons/css/themify-icons.css]
[thevectorlab.net/codelab/assets/vendor/weather-icons/css/weather-icons.min.css]
[thevectorlab.net/codelab/assets/vendor/jquery-ui/jquery-ui.min.css]
[thevectorlab.net/codelab/assets/vendor/icheck/skins/all.css]
[thevectorlab.net/codelab/assets/css/main.css]
[thevectorlab.net/codelab/assets/img/logo.png]
[thevectorlab.net/codelab/assets/img/avatar/avatar4.jpg]
[thevectorlab.net/codelab/assets/img/avatar/avatar2.jpg]
[thevectorlab.net/codelab/assets/img/avatar/avatar3.jpg]
[thevectorlab.net/codelab/assets/img/avatar/avatar1.jpg]
[thevectorlab.net/codelab/login.html]
[thevectorlab.net/codelab/dashboard-2.html]
[thevectorlab.net/codelab/dashboard-3.html]
[thevectorlab.net/codelab/dashboard-4.html]
[thevectorlab.net/codelab/form-basic.html]
[thevectorlab.net/codelab/form-input-group.html]
[thevectorlab.net/codelab/form-checkbox-radio.html]
[thevectorlab.net/codelab/date-picker.html]
[thevectorlab.net/codelab/datetime-picker.html]
[thevectorlab.net/codelab/color-picker.html]
[thevectorlab.net/codelab/form-touchspin.html]
[thevectorlab.net/codelab/form-select2.html]
[thevectorlab.net/codelab/form-input-mask.html]
[thevectorlab.net/codelab/form-multi-select.html]
[thevectorlab.net/codelab/form-dropzone.html]
[thevectorlab.net/codelab/form-ion-range-slider.html]
[thevectorlab.net/codelab/form-switch.html]
[thevectorlab.net/codelab/editor-summernote.html]
[thevectorlab.net/codelab/editor-markdown.html]
[thevectorlab.net/codelab/form-validation.html]
[thevectorlab.net/codelab/form-validation-jquery.html]
[thevectorlab.net/codelab/form-wizard.html]
[thevectorlab.net/codelab/table-basic.html]
[thevectorlab.net/codelab/table-datatable.html]
[thevectorlab.net/codelab/table-ajax-datatable.html]
[thevectorlab.net/codelab/chartjs.html]
[thevectorlab.net/codelab/echarts.html]
[thevectorlab.net/codelab/amcharts.html]
[thevectorlab.net/codelab/calendar-basic.html]
[thevectorlab.net/codelab/calendar-list.html]
[thevectorlab.net/codelab/widget-basic.html]
[thevectorlab.net/codelab/calendar-external-events.html]
[thevectorlab.net/codelab/widget-chart.html]
[thevectorlab.net/codelab/icon-fontawesome.html]
[thevectorlab.net/codelab/icon-themify.html]
[thevectorlab.net/codelab/icon-simple-line.html]
[thevectorlab.net/codelab/icon-weather.html]
[thevectorlab.net/codelab/alert.html]
[thevectorlab.net/codelab/buttons.html]
[thevectorlab.net/codelab/dropdown.html]
[thevectorlab.net/codelab/modals.html]
[thevectorlab.net/codelab/progress.html]
[thevectorlab.net/codelab/popover-tooltips.html]
[thevectorlab.net/codelab/tabs-accordion.html]
[thevectorlab.net/codelab/toastr-notification.html]
[thevectorlab.net/codelab/typography.html]
[thevectorlab.net/codelab/tree.html]
[thevectorlab.net/codelab/profile.html]
[thevectorlab.net/codelab/invoice.html]
[thevectorlab.net/codelab/lock-screen.html]
[thevectorlab.net/codelab/registration.html]
[thevectorlab.net/codelab/404.html]
[thevectorlab.net/codelab/layout-blank.html]
[thevectorlab.net/codelab/layout-fixed-header.html]
[thevectorlab.net/codelab/layout-header-color.html]
[thevectorlab.net/codelab/layout-leftnav-color.html]
[thevectorlab.net/codelab/layout-leftnav-white.html]
[thevectorlab.net/codelab/layout-leftnav-collapsed.html]
[thevectorlab.net/codelab/layout-top-nav.html]
[thevectorlab.net/codelab/mail-inbox.html]
[thevectorlab.net/codelab/email-template/index.html]
[thevectorlab.net/codelab/assets/img/avatar/avatar-mini1.jpg]
[thevectorlab.net/codelab/assets/vendor/jquery/jquery.min.js]
[thevectorlab.net/codelab/assets/vendor/popper.min.js]
[thevectorlab.net/codelab/assets/vendor/jquery.dcjqaccordion.2.7.js]
[thevectorlab.net/codelab/assets/vendor/bootstrap/js/bootstrap.min.js]
[thevectorlab.net/codelab/assets/vendor/js-init/chartjs/init-sales-overview-chart.js]
[thevectorlab.net/codelab/assets/vendor/js-init/chartjs/init-area-chart.js]
[thevectorlab.net/codelab/assets/vendor/jquery.nicescroll.min.js]
[thevectorlab.net/codelab/assets/vendor/js-init/chartjs/init-line-chart.js]
[thevectorlab.net/codelab/index.html]
[thevectorlab.net/codelab/assets/img/favicon.html]
[thevectorlab.net/codelab/assets/js/scripts.js]
[thevectorlab.net/codelab/assets/vendor/bootstrap/css/bootstrap.min.css]
[thevectorlab.net/codelab/assets/vendor/font-awesome/fonts/fontawesome-webfont3e6e.eot]
[thevectorlab.net/codelab/assets/vendor/font-awesome/fonts/fontawesome-webfontd41d.eot]
[thevectorlab.net/codelab/assets/vendor/jquery-ui/jquery-ui.min.js]
[thevectorlab.net/codelab/assets/vendor/font-awesome/fonts/fontawesome-webfont3e6e.woff]
[thevectorlab.net/codelab/assets/vendor/chartjs/Chart.bundle.min.js]
[thevectorlab.net/codelab/assets/vendor/font-awesome/fonts/fontawesome-webfont3e6e.ttf]
[thevectorlab.net/codelab/assets/vendor/font-awesome/fonts/fontawesome-webfont3e6e.svg]
[thevectorlab.net/codelab/assets/vendor/font-awesome/css/font-awesome.min.css]
[thevectorlab.net/codelab/assets/vendor/dashlab-icon/fonts/dashlab-icon9e4e.eot]
[thevectorlab.net/codelab/assets/vendor/dashlab-icon/fonts/dashlab-icon9e4e.ttf]
[thevectorlab.net/codelab/assets/vendor/dashlab-icon/fonts/dashlab-icon9e4e.woff]
[thevectorlab.net/codelab/assets/vendor/dashlab-icon/fonts/dashlab-icon9e4e.svg]
[thevectorlab.net/codelab/assets/vendor/dashlab-icon/dashlab-icon.css]
[thevectorlab.net/codelab/assets/vendor/simple-line-icons/fonts/Simple-Line-Iconsb26c.eot]
[thevectorlab.net/codelab/assets/vendor/simple-line-icons/fonts/Simple-Line-Iconsb26c.ttf]
[thevectorlab.net/codelab/assets/vendor/simple-line-icons/fonts/Simple-Line-Iconsb26c.woff]
[thevectorlab.net/codelab/assets/vendor/simple-line-icons/css/simple-line-icons.css]
[thevectorlab.net/codelab/assets/vendor/simple-line-icons/fonts/Simple-Line-Iconsb26c.svg]
[thevectorlab.net/codelab/assets/vendor/themify-icons/fonts/themify.eot]
[thevectorlab.net/codelab/assets/vendor/themify-icons/fonts/themify.woff]
[thevectorlab.net/codelab/assets/vendor/themify-icons/fonts/themify.ttf]
[thevectorlab.net/codelab/assets/vendor/themify-icons/fonts/themifyd41d.eot]
[thevectorlab.net/codelab/assets/vendor/themify-icons/fonts/themify.svg]
[thevectorlab.net/codelab/assets/vendor/themify-icons/css/themify-icons.css]
[thevectorlab.net/codelab/assets/vendor/weather-icons/font/weathericons-regular-webfont.eot]
[thevectorlab.net/codelab/assets/vendor/weather-icons/font/weathericons-regular-webfontd41d.eot]
[thevectorlab.net/codelab/assets/vendor/weather-icons/font/weathericons-regular-webfont.woff]
[thevectorlab.net/codelab/assets/vendor/weather-icons/font/weathericons-regular-webfont.ttf]
[thevectorlab.net/codelab/assets/vendor/weather-icons/font/weathericons-regular-webfont.svg]
[thevectorlab.net/codelab/assets/vendor/weather-icons/css/weather-icons.min.css]
[thevectorlab.net/codelab/assets/vendor/jquery-ui/jquery-ui.min.css]
[thevectorlab.net/codelab/assets/vendor/icheck/skins/minimal/_all.css]
[thevectorlab.net/codelab/assets/vendor/icheck/skins/square/_all.css]
[thevectorlab.net/codelab/assets/vendor/icheck/skins/flat/_all.css]
[thevectorlab.net/codelab/assets/vendor/icheck/skins/line/_all.css]
[thevectorlab.net/codelab/assets/vendor/icheck/skins/polaris/polaris.css]
[thevectorlab.net/codelab/assets/vendor/icheck/skins/futurico/futurico.css]
[thevectorlab.net/codelab/assets/vendor/icheck/skins/all.css]
[thevectorlab.net/codelab/assets/css/main.css]
[thevectorlab.net/codelab/assets/img/login-bg.jpg]
[thevectorlab.net/codelab/login.html]
[thevectorlab.net/codelab/assets/vendor/icheck/skins/icheck.min.js]
[thevectorlab.net/codelab/assets/vendor/custom-nav/css/core-menu.css]
[thevectorlab.net/codelab/assets/vendor/custom-nav/css/responsive.css]
[thevectorlab.net/codelab/assets/vendor/vector-map/jquery-jvectormap-1.1.1.css]
[thevectorlab.net/codelab/assets/vendor/custom-nav/css/effects/slide-menu.css]
[thevectorlab.net/codelab/assets/img/blog.jpg]
[thevectorlab.net/codelab/assets/vendor/custom-nav/js/tb-menu.js]
[thevectorlab.net/codelab/assets/vendor/js-init/chartjs/init-doughnut-chart.js]
[thevectorlab.net/codelab/assets/vendor/js-init/chartjs/init-doughnut-chart2.js]
[thevectorlab.net/codelab/assets/vendor/js-init/chartjs/init-sales-report-chart.js]
[thevectorlab.net/codelab/assets/vendor/js-init/sparkline/init-sparkline.js]
[thevectorlab.net/codelab/assets/vendor/vector-map/jquery-jvectormap-1.2.2.min.js]
[thevectorlab.net/codelab/assets/vendor/sparkline/jquery.sparkline.js]
[thevectorlab.net/codelab/assets/vendor/js-init/vmap/init-vmap-usa.js]
[thevectorlab.net/codelab/dashboard-2.html]
[thevectorlab.net/codelab/assets/vendor/js-init/chartjs/init-bar-chartjs.js]
[thevectorlab.net/codelab/assets/vendor/flot/jquery.flot.min.js]
[thevectorlab.net/codelab/assets/vendor/vector-map/jquery-jvectormap-us-aea.js]
[thevectorlab.net/codelab/assets/vendor/flot/jquery.flot.tooltip.min.js]
[thevectorlab.net/codelab/assets/vendor/flot/jquery.flot.pie.min.js]
[thevectorlab.net/codelab/assets/vendor/js-init/flot/init-flot-widget.js]
[thevectorlab.net/codelab/dashboard-3.html]
[thevectorlab.net/codelab/assets/vendor/js-init/init-todo-list.js]
[thevectorlab.net/codelab/assets/vendor/c3chart/c3.min.css]
[thevectorlab.net/codelab/assets/img/light-logo.png]
[thevectorlab.net/codelab/assets/img/watch.png]
[thevectorlab.net/codelab/assets/vendor/js-init/c3chart/init-c3chart.js]
[thevectorlab.net/codelab/assets/vendor/js-init/chartjs/init-bubble-chart.js]
[thevectorlab.net/codelab/assets/vendor/js-init/chartjs/init-mixed-chart.js]
[thevectorlab.net/codelab/dashboard-4.html]
[thevectorlab.net/codelab/assets/vendor/js-init/vmap/init-vmap-world.js]
[thevectorlab.net/codelab/form-basic.html]
[thevectorlab.net/codelab/assets/vendor/bs-custom-file-input.min.js]
[thevectorlab.net/codelab/form-input-group.html]
[thevectorlab.net/codelab/assets/vendor/js-init/init-icheck.js]
[thevectorlab.net/codelab/form-checkbox-radio.html]
[thevectorlab.net/codelab/assets/vendor/c3chart/d3.min.js]
[thevectorlab.net/codelab/assets/vendor/date-picker/css/bootstrap-datepicker.min.css]
[thevectorlab.net/codelab/date-picker.html]
[thevectorlab.net/codelab/assets/vendor/js-init/pickers/init-date-picker.js]
[thevectorlab.net/codelab/assets/vendor/c3chart/c3.min.js]
[thevectorlab.net/codelab/assets/vendor/datetime-picker/css/datetimepicker.css]
[thevectorlab.net/codelab/assets/vendor/date-picker/js/bootstrap-datepicker.min.js]
[thevectorlab.net/codelab/assets/vendor/timepicker/css/timepicker.css]
[thevectorlab.net/codelab/assets/vendor/vector-map/jquery-jvectormap-world-mill-en.js]
[thevectorlab.net/codelab/assets/vendor/js-init/pickers/init-datetime-picker.js]
[thevectorlab.net/codelab/datetime-picker.html]
[thevectorlab.net/codelab/assets/vendor/timepicker/js/bootstrap-timepicker.js]
[thevectorlab.net/codelab/assets/vendor/colorpicker/css/bootstrap-colorpicker.css]
[thevectorlab.net/codelab/assets/vendor/datetime-picker/js/bootstrap-datetimepicker.js]
[thevectorlab.net/codelab/assets/vendor/js-init/pickers/init-color-picker.js]
[thevectorlab.net/codelab/assets/vendor/colorpicker/js/bootstrap-colorpicker.min.js]
[thevectorlab.net/codelab/color-picker.html]
[thevectorlab.net/codelab/assets/vendor/touchspin/jquery.bootstrap-touchspin.min.css]
[thevectorlab.net/codelab/assets/vendor/touchspin/jquery.bootstrap-touchspin.min.js]
[thevectorlab.net/codelab/assets/vendor/js-init/init-touchspin.js]
[thevectorlab.net/codelab/form-touchspin.html]
[thevectorlab.net/codelab/assets/vendor/select2/css/select2.css]
[thevectorlab.net/codelab/assets/vendor/select2/js/select2.min.js]
[thevectorlab.net/codelab/assets/vendor/js-init/init-select2.js]
[thevectorlab.net/codelab/form-select2.html]
[thevectorlab.net/codelab/form-input-mask.html]
[thevectorlab.net/codelab/assets/vendor/js-init/init-input-mask.js]
[thevectorlab.net/codelab/assets/vendor/multi-select/css/multi-select.css]
[thevectorlab.net/codelab/assets/vendor/multi-select/js/jquery.multi-select.js]
[thevectorlab.net/codelab/assets/vendor/multi-select/js/jquery.quicksearch.js]
[thevectorlab.net/codelab/form-multi-select.html]
[thevectorlab.net/codelab/assets/vendor/js-init/init-multiple-select.js]
[thevectorlab.net/codelab/assets/vendor/input-mask/jquery.inputmask.bundle.js]
[thevectorlab.net/codelab/assets/vendor/dropzone/dropzone.min.css]
[thevectorlab.net/codelab/form-dropzone.html]
[thevectorlab.net/codelab/assets/vendor/js-init/init-dropzone.js]
[thevectorlab.net/codelab/assets/vendor/dropzone/dropzone.js]
[thevectorlab.net/codelab/assets/vendor/ion.rangeSlider-master/css/ion.rangeSlider.css]
[thevectorlab.net/codelab/assets/vendor/ion.rangeSlider-master/css/ion.rangeSlider.skinFlat.css]
[thevectorlab.net/codelab/assets/vendor/ion.rangeSlider-master/js/ion.rangeSlider.min.js]
[thevectorlab.net/codelab/assets/vendor/js-init/init-ion-slider.js]
[thevectorlab.net/codelab/form-ion-range-slider.html]
[thevectorlab.net/codelab/form-switch.html]
[thevectorlab.net/codelab/assets/vendor/summernote/summernote-bs4.css]
[thevectorlab.net/codelab/assets/vendor/js-init/init-summernote.js]
[thevectorlab.net/codelab/assets/vendor/summernote/summernote-bs4.min.js]
[thevectorlab.net/codelab/editor-summernote.html]
[thevectorlab.net/codelab/assets/vendor/markdown/simplemde.min.css]
[thevectorlab.net/codelab/assets/vendor/js-init/init-markdown.js]
[thevectorlab.net/codelab/editor-markdown.html]
[thevectorlab.net/codelab/form-validation.html]
[thevectorlab.net/codelab/form-validation-jquery.html]
[thevectorlab.net/codelab/assets/vendor/js-init/init-jquery-validate.js]
[thevectorlab.net/codelab/assets/vendor/jquery-steps/jquery.steps.css]
[thevectorlab.net/codelab/assets/vendor/jquery-validation/jquery.validate.min.js]
[thevectorlab.net/codelab/assets/vendor/js-init/init-form-wizard.js]
[thevectorlab.net/codelab/assets/vendor/jquery-steps/jquery.steps.min.js]
[thevectorlab.net/codelab/form-wizard.html]
[thevectorlab.net/codelab/table-basic.html]
[thevectorlab.net/codelab/assets/vendor/jquery-steps/jquery.stepy.js]
[thevectorlab.net/codelab/assets/vendor/data-tables/dataTables.bootstrap4.min.css]
[thevectorlab.net/codelab/assets/vendor/data-tables/dataTables.bootstrap4.min.js]
[thevectorlab.net/codelab/assets/vendor/js-init/init-datatable.js]
[thevectorlab.net/codelab/table-datatable.html]
[thevectorlab.net/codelab/table-ajax-datatable.html]
[thevectorlab.net/codelab/chartjs.html]
[thevectorlab.net/codelab/assets/vendor/js-init/init-ajax-datatable.js]
[thevectorlab.net/codelab/echarts.html]
[thevectorlab.net/codelab/assets/vendor/markdown/simplemde.min.js]
[thevectorlab.net/codelab/assets/vendor/js-init/echart/init-echarts.js]
[thevectorlab.net/codelab/assets/vendor/data-tables/jquery.dataTables.min.js]
[thevectorlab.net/codelab/assets/vendor/amcharts/plugins/export/export.css]
[thevectorlab.net/codelab/assets/vendor/amcharts/serial.js]
[thevectorlab.net/codelab/assets/vendor/amcharts/themes/light.js]
[thevectorlab.net/codelab/assets/vendor/amcharts/plugins/export/export.min.js]
[thevectorlab.net/codelab/assets/vendor/js-init/amcharts/init-d-value-axis.js]
[thevectorlab.net/codelab/assets/vendor/js-init/amcharts/init-bar-chart.js]
[thevectorlab.net/codelab/assets/vendor/js-init/amcharts/init-line-chart.js]
[thevectorlab.net/codelab/amcharts.html]
[thevectorlab.net/codelab/assets/vendor/fullcalendar-3.7.0/fullcalendar.css]
[thevectorlab.net/codelab/assets/vendor/js-init/amcharts/init-candle-stick.js]
[thevectorlab.net/codelab/assets/vendor/fullcalendar-3.7.0/lib/moment.min.js]
[thevectorlab.net/codelab/assets/vendor/amcharts/amcharts.js]
[thevectorlab.net/codelab/assets/vendor/js-init/init-calendar-basic.js]
[thevectorlab.net/codelab/calendar-basic.html]
[thevectorlab.net/codelab/calendar-external-events.html]
[thevectorlab.net/codelab/assets/vendor/js-init/init-calendar-external-events.js]
[thevectorlab.net/codelab/calendar-list.html]
[thevectorlab.net/codelab/assets/vendor/js-init/init-calendar-list.js]
[thevectorlab.net/codelab/assets/img/avatar/avatar-large3.jpg]
[thevectorlab.net/codelab/assets/img/badge/level.svg]
[thevectorlab.net/codelab/assets/img/badge/status.svg]
[thevectorlab.net/codelab/assets/img/badge/disable.svg]
[thevectorlab.net/codelab/assets/img/badge/trendy.svg]
[thevectorlab.net/codelab/assets/img/badge/monthly-top-seller.svg]
[thevectorlab.net/codelab/widget-basic.html]
[thevectorlab.net/codelab/widget-chart.html]
[thevectorlab.net/codelab/icon-fontawesome.html]
[thevectorlab.net/codelab/icon-themify.html]
[thevectorlab.net/codelab/icon-simple-line.html]
[thevectorlab.net/codelab/icon-weather.html]
[thevectorlab.net/codelab/alert.html]
[thevectorlab.net/codelab/buttons.html]
[thevectorlab.net/codelab/dropdown.html]
[thevectorlab.net/codelab/modals.html]
[thevectorlab.net/codelab/progress.html]
[thevectorlab.net/codelab/popover-tooltips.html]
[thevectorlab.net/codelab/tabs-accordion.html]
[thevectorlab.net/codelab/assets/vendor/toastr-master/toastr.css]
[thevectorlab.net/codelab/toastr-notification.html]
[thevectorlab.net/codelab/assets/vendor/toastr-master/toastr.js]
[thevectorlab.net/codelab/assets/vendor/js-init/init-toastr.js]
[thevectorlab.net/codelab/typography.html]
[thevectorlab.net/codelab/assets/vendor/jstree/themes/default/style.css]
[thevectorlab.net/codelab/assets/vendor/js-init/init-jstree.js]
[thevectorlab.net/codelab/tree.html]
[thevectorlab.net/codelab/assets/img/watch.jpg]
[thevectorlab.net/codelab/assets/img/device.jpg]
[thevectorlab.net/codelab/profile.html]
[thevectorlab.net/codelab/assets/img/invoice-logo.jpg]
[thevectorlab.net/codelab/assets/vendor/jstree/jstree.min.js]
[thevectorlab.net/codelab/invoice.html]
[thevectorlab.net/codelab/assets/img/avatar/avatar-large2.jpg]
[thevectorlab.net/codelab/assets/vendor/fullcalendar-3.7.0/fullcalendar.js]
[thevectorlab.net/codelab/lock-screen.html]
[thevectorlab.net/codelab/registration.html]
[thevectorlab.net/codelab/assets/img/404.png]
[thevectorlab.net/codelab/404.html]
[thevectorlab.net/codelab/assets/vendor/echarts/echarts-all-3.js]
[thevectorlab.net/codelab/layout-blank.html]
[thevectorlab.net/codelab/layout-fixed-header.html]
[thevectorlab.net/codelab/layout-header-color.html]
[thevectorlab.net/codelab/layout-leftnav-color.html]
[thevectorlab.net/codelab/layout-leftnav-white.html]
[thevectorlab.net/codelab/layout-leftnav-collapsed.html]
[thevectorlab.net/codelab/layout-top-nav.html]
[thevectorlab.net/codelab/mail-inbox.html]
[thevectorlab.net/codelab/email-template/images/logo.png]
[thevectorlab.net/codelab/email-template/images/image-2.png]
[thevectorlab.net/codelab/email-template/index.html]
[thevectorlab.net/codelab/assets/vendor/font-awesome/fonts/fontawesome-webfont3e6e.html]
[thevectorlab.net/codelab/assets/vendor/font-awesome/fonts/fontawesome-webfont3e6e.svg]
[thevectorlab.net/codelab/assets/vendor/dashlab-icon/fonts/dashlab-icon9e4e.svg]
[thevectorlab.net/codelab/assets/vendor/simple-line-icons/fonts/Simple-Line-Iconsb26c.html]
[thevectorlab.net/codelab/assets/vendor/simple-line-icons/fonts/Simple-Line-Iconsb26c.svg]
[thevectorlab.net/codelab/assets/vendor/themify-icons/fonts/themify.svg]
[thevectorlab.net/codelab/assets/vendor/weather-icons/font/weathericons-regular-webfont.html]
[thevectorlab.net/codelab/assets/vendor/weather-icons/font/weathericons-regular-webfont.svg]
[thevectorlab.net/codelab/assets/vendor/jquery-ui/images/ui-icons_444444_256x240.html]
[thevectorlab.net/codelab/assets/vendor/jquery-ui/images/ui-icons_555555_256x240.html]
[thevectorlab.net/codelab/assets/vendor/jquery-ui/images/ui-icons_ffffff_256x240.html]
[thevectorlab.net/codelab/assets/vendor/jquery-ui/images/ui-icons_777620_256x240.html]
[thevectorlab.net/codelab/assets/vendor/jquery-ui/images/ui-icons_cc0000_256x240.html]
[thevectorlab.net/codelab/assets/vendor/jquery-ui/images/ui-icons_777777_256x240.html]
[thevectorlab.net/codelab/assets/vendor/icheck/skins/minimal/minimal.png]
[thevectorlab.net/codelab/assets/vendor/icheck/skins/minimal/minimal@2x.png]
[thevectorlab.net/codelab/assets/vendor/icheck/skins/minimal/red.png]
[thevectorlab.net/codelab/assets/vendor/icheck/skins/minimal/red@2x.png]
[thevectorlab.net/codelab/assets/vendor/icheck/skins/minimal/green.png]
[thevectorlab.net/codelab/assets/vendor/icheck/skins/minimal/green@2x.png]
[thevectorlab.net/codelab/assets/vendor/icheck/skins/minimal/blue.png]
[thevectorlab.net/codelab/assets/vendor/icheck/skins/minimal/blue@2x.png]
[thevectorlab.net/codelab/assets/vendor/icheck/skins/minimal/aero.png]
[thevectorlab.net/codelab/assets/vendor/icheck/skins/minimal/aero@2x.png]
[thevectorlab.net/codelab/assets/vendor/icheck/skins/minimal/grey.png]
[thevectorlab.net/codelab/assets/vendor/icheck/skins/minimal/grey@2x.png]
[thevectorlab.net/codelab/assets/vendor/icheck/skins/minimal/orange.png]
[thevectorlab.net/codelab/assets/vendor/icheck/skins/minimal/orange@2x.png]
[thevectorlab.net/codelab/assets/vendor/icheck/skins/minimal/yellow.png]
[thevectorlab.net/codelab/assets/vendor/icheck/skins/minimal/yellow@2x.png]
[thevectorlab.net/codelab/assets/vendor/icheck/skins/minimal/pink.png]
[thevectorlab.net/codelab/assets/vendor/icheck/skins/minimal/pink@2x.png]
[thevectorlab.net/codelab/assets/vendor/icheck/skins/minimal/purple.png]
[thevectorlab.net/codelab/assets/vendor/icheck/skins/minimal/purple@2x.png]
[thevectorlab.net/codelab/assets/vendor/icheck/skins/minimal/_all.css]
[thevectorlab.net/codelab/assets/vendor/icheck/skins/square/square.png]
[thevectorlab.net/codelab/assets/vendor/icheck/skins/square/square@2x.png]
[thevectorlab.net/codelab/assets/vendor/icheck/skins/square/red.png]
[thevectorlab.net/codelab/assets/vendor/icheck/skins/square/red@2x.png]
[thevectorlab.net/codelab/assets/vendor/icheck/skins/square/green.png]
[thevectorlab.net/codelab/assets/vendor/icheck/skins/square/green@2x.png]
[thevectorlab.net/codelab/assets/vendor/icheck/skins/square/blue.png]
[thevectorlab.net/codelab/assets/vendor/icheck/skins/square/blue@2x.png]
[thevectorlab.net/codelab/assets/vendor/icheck/skins/square/aero.png]
[thevectorlab.net/codelab/assets/vendor/icheck/skins/square/aero@2x.png]
[thevectorlab.net/codelab/assets/vendor/icheck/skins/square/grey.png]
[thevectorlab.net/codelab/assets/vendor/icheck/skins/square/grey@2x.png]
[thevectorlab.net/codelab/assets/vendor/icheck/skins/square/orange.png]
[thevectorlab.net/codelab/assets/vendor/icheck/skins/square/orange@2x.png]
[thevectorlab.net/codelab/assets/vendor/icheck/skins/square/yellow.png]
[thevectorlab.net/codelab/assets/vendor/icheck/skins/square/yellow@2x.png]
[thevectorlab.net/codelab/assets/vendor/icheck/skins/square/pink.png]
[thevectorlab.net/codelab/assets/vendor/icheck/skins/square/pink@2x.png]
[thevectorlab.net/codelab/assets/vendor/icheck/skins/square/purple.png]
[thevectorlab.net/codelab/assets/vendor/icheck/skins/square/purple@2x.png]
[thevectorlab.net/codelab/assets/vendor/icheck/skins/square/_all.css]
[thevectorlab.net/codelab/assets/vendor/icheck/skins/flat/flat.png]
[thevectorlab.net/codelab/assets/vendor/icheck/skins/flat/flat@2x.png]
[thevectorlab.net/codelab/assets/vendor/icheck/skins/flat/red.png]
[thevectorlab.net/codelab/assets/vendor/icheck/skins/flat/red@2x.png]
[thevectorlab.net/codelab/assets/vendor/icheck/skins/flat/green.png]
[thevectorlab.net/codelab/assets/vendor/icheck/skins/flat/green@2x.png]
[thevectorlab.net/codelab/assets/vendor/icheck/skins/flat/blue.png]
[thevectorlab.net/codelab/assets/vendor/icheck/skins/flat/blue@2x.png]
[thevectorlab.net/codelab/assets/vendor/icheck/skins/flat/aero.png]
[thevectorlab.net/codelab/assets/vendor/icheck/skins/flat/aero@2x.png]
[thevectorlab.net/codelab/assets/vendor/icheck/skins/flat/grey.png]
[thevectorlab.net/codelab/assets/vendor/icheck/skins/flat/grey@2x.png]
[thevectorlab.net/codelab/assets/vendor/icheck/skins/flat/orange.png]
[thevectorlab.net/codelab/assets/vendor/icheck/skins/flat/orange@2x.png]
[thevectorlab.net/codelab/assets/vendor/icheck/skins/flat/yellow.png]
[thevectorlab.net/codelab/assets/vendor/icheck/skins/flat/yellow@2x.png]
[thevectorlab.net/codelab/assets/vendor/icheck/skins/flat/pink.png]
[thevectorlab.net/codelab/assets/vendor/icheck/skins/flat/pink@2x.png]
[thevectorlab.net/codelab/assets/vendor/icheck/skins/flat/purple.png]
[thevectorlab.net/codelab/assets/vendor/icheck/skins/flat/purple@2x.png]
[thevectorlab.net/codelab/assets/vendor/icheck/skins/flat/_all.css]
[thevectorlab.net/codelab/assets/vendor/icheck/skins/line/line.png]
[thevectorlab.net/codelab/assets/vendor/icheck/skins/line/line@2x.png]
[thevectorlab.net/codelab/assets/vendor/icheck/skins/line/_all.css]
[thevectorlab.net/codelab/assets/vendor/icheck/skins/polaris/polaris.png]
[thevectorlab.net/codelab/assets/vendor/icheck/skins/polaris/polaris@2x.png]
[thevectorlab.net/codelab/assets/vendor/icheck/skins/polaris/polaris.css]
[thevectorlab.net/codelab/assets/vendor/icheck/skins/futurico/futurico.png]
[thevectorlab.net/codelab/assets/vendor/icheck/skins/futurico/futurico@2x.png]
[thevectorlab.net/codelab/assets/vendor/icheck/skins/futurico/futurico.css]
[thevectorlab.net/codelab/assets/vendor/m-custom-scrollbar/jquery.mCustomScrollbar.html]
[thevectorlab.net/codelab/assets/vendor/jquery-dropdown-master/jquery.dropdown.html]
[thevectorlab.net/codelab/assets/vendor/jquery-dropdown-master/jquery.dropdown-2.html]
[thevectorlab.net/codelab/assets/vendor/m-custom-scrollbar/jquery.mCustomScrollbar.concat.min.html]
[thevectorlab.net/codelab/assets/vendor/custom-nav/css/core-menu.css]
[thevectorlab.net/codelab/assets/vendor/custom-nav/css/responsive.css]
[thevectorlab.net/codelab/assets/vendor/vector-map/jquery-jvectormap-1.1.1.css]
[thevectorlab.net/codelab/assets/vendor/custom-nav/css/effects/slide-menu.css]
[thevectorlab.net/codelab/assets/vendor/c3chart/c3.min.css]
[thevectorlab.net/codelab/blank.html]
[thevectorlab.net/codelab/assets/vendor/date-picker/css/bootstrap-datepicker.min.css]
[thevectorlab.net/codelab/assets/vendor/datetime-picker/css/datetimepicker.css]
[thevectorlab.net/codelab/assets/vendor/timepicker/css/timepicker.css]
[thevectorlab.net/codelab/assets/vendor/colorpicker/css/bootstrap-colorpicker.css]
[thevectorlab.net/codelab/assets/vendor/touchspin/jquery.bootstrap-touchspin.min.css]
[thevectorlab.net/codelab/assets/vendor/select2/css/select2.css]
[thevectorlab.net/codelab/assets/vendor/multi-select/img/switch.png]
[thevectorlab.net/codelab/assets/vendor/multi-select/css/multi-select.css]
[thevectorlab.net/codelab/assets/vendor/dropzone/dropzone.min.css]
[thevectorlab.net/codelab/assets/vendor/ion.rangeSlider-master/css/ion.rangeSlider.css]
[thevectorlab.net/codelab/assets/vendor/ion.rangeSlider-master/img/sprite-skin-flat.png]
[thevectorlab.net/codelab/assets/vendor/ion.rangeSlider-master/css/ion.rangeSlider.skinFlat.css]
[thevectorlab.net/codelab/assets/vendor/summernote/font/summernote291f.eot]
[thevectorlab.net/codelab/assets/vendor/summernote/font/summernoted41d.eot]
[thevectorlab.net/codelab/assets/vendor/summernote/font/summernote291f.woff]
[thevectorlab.net/codelab/assets/vendor/summernote/font/summernote291f.ttf]
[thevectorlab.net/codelab/assets/vendor/summernote/summernote-bs4.css]
[thevectorlab.net/codelab/assets/vendor/markdown/simplemde.min.css]
[thevectorlab.net/codelab/assets/vendor/jquery-steps/jquery.steps.css]
[thevectorlab.net/codelab/assets/vendor/data-tables/dataTables.bootstrap4.min.css]
[thevectorlab.net/codelab/assets/vendor/amcharts/plugins/export/export.css]
[thevectorlab.net/codelab/assets/vendor/fullcalendar-3.7.0/fullcalendar.css]
[thevectorlab.net/codelab/assets/img/badge/level.svg]
[thevectorlab.net/codelab/assets/img/badge/status.svg]
[thevectorlab.net/codelab/assets/img/badge/disable.svg]
[thevectorlab.net/codelab/assets/img/badge/trendy.svg]
[thevectorlab.net/codelab/assets/img/badge/monthly-top-seller.svg]
[thevectorlab.net/codelab/assets/vendor/toastr-master/toastr.css]
[thevectorlab.net/codelab/assets/vendor/jstree/themes/default/32px.png]
[thevectorlab.net/codelab/assets/vendor/jstree/themes/default/throbber.gif]
[thevectorlab.net/codelab/assets/vendor/jstree/themes/default/40px.png]
[thevectorlab.net/codelab/assets/vendor/jstree/themes/default/style.css]
[thevectorlab.net/codelab/assets/vendor/custom-nav/img/mega-img.html]
